Microsoft Windows [Version 10.0.17134.885]
(c) 2018 Microsoft Corporation. All rights reserved.

C:\Users\Dell>cd document
The system cannot find the path specified.

C:\Users\Dell>cd documents

C:\Users\Dell\Documents>cd git

C:\Users\Dell\Documents\git>cd projek1

C:\Users\Dell\Documents\git\projek1>code index.html

C:\Users\Dell\Documents\git\projek1>git add.
git: 'add.' is not a git command. See 'git --help'.

The most similar command is
        add

C:\Users\Dell\Documents\git\projek1>git status
On branch master

No commits yet

Untracked files:
  (use "git add <file>..." to include in what will be committed)

        index.html

nothing added to commit but untracked files present (use "git add" to track)

C:\Users\Dell\Documents\git\projek1>git status
On branch master

No commits yet

Untracked files:
  (use "git add <file>..." to include in what will be committed)

        index.html

nothing added to commit but untracked files present (use "git add" to track)

C:\Users\Dell\Documents\git\projek1>git ass.
git: 'ass.' is not a git command. See 'git --help'.

The most similar command is
        askpass

C:\Users\Dell\Documents\git\projek1>git add.
git: 'add.' is not a git command. See 'git --help'.

The most similar command is
        add

C:\Users\Dell\Documents\git\projek1>git log
fatal: your current branch 'master' does not have any commits yet

C:\Users\Dell\Documents\git\projek1>git add .

C:\Users\Dell\Documents\git\projek1>git commit -m "penyimpanan pertama"
[master (root-commit) d366b46] penyimpanan pertama
 1 file changed, 0 insertions(+), 0 deletions(-)
 create mode 100644 index.html

C:\Users\Dell\Documents\git\projek1>git log
commit d366b46125bf045bfbdf5d2e2b245a318351a644 (HEAD -> master)
Author: unknown <ranakusuma24@gmail.com>
Date:   Sat Aug 3 10:40:23 2019 +0700

    penyimpanan pertama

C:\Users\Dell\Documents\git\projek1>git log --oneline
d366b46 (HEAD -> master) penyimpanan pertama

C:\Users\Dell\Documents\git\projek1>git diff
diff --git a/index.html b/index.html
index e69de29..8bcbce5 100644
--- a/index.html
+++ b/index.html
@@ -0,0 +1,3 @@
+Nama saya Rana kusuma
+alamat saya di kalisegoro
+

C:\Users\Dell\Documents\git\projek1>git log
commit d366b46125bf045bfbdf5d2e2b245a318351a644 (HEAD -> master)
Author: unknown <ranakusuma24@gmail.com>
Date:   Sat Aug 3 10:40:23 2019 +0700

    penyimpanan pertama

C:\Users\Dell\Documents\git\projek1>git status
On branch master
Changes not staged for commit:
  (use "git add <file>..." to update what will be committed)
  (use "git checkout -- <file>..." to discard changes in working directory)

        modified:   index.html

no changes added to commit (use "git add" and/or "git commit -a")

C:\Users\Dell\Documents\git\projek1>git add .

C:\Users\Dell\Documents\git\projek1>git commit -m"tambahan alamat"
[master cfba182] tambahan alamat
 1 file changed, 3 insertions(+)

C:\Users\Dell\Documents\git\projek1>git status
On branch master
nothing to commit, working tree clean

C:\Users\Dell\Documents\git\projek1>git status
On branch master
nothing to commit, working tree clean

C:\Users\Dell\Documents\git\projek1>git log
commit cfba1820c5060453ab7f8dbfc11b6b7979fb6744 (HEAD -> master)
Author: unknown <ranakusuma24@gmail.com>
Date:   Sat Aug 3 10:45:10 2019 +0700

    tambahan alamat

commit d366b46125bf045bfbdf5d2e2b245a318351a644
Author: unknown <ranakusuma24@gmail.com>
Date:   Sat Aug 3 10:40:23 2019 +0700

    penyimpanan pertama

C:\Users\Dell\Documents\git\projek1>git status
On branch master
Untracked files:
  (use "git add <file>..." to include in what will be committed)

        about.html

nothing added to commit but untracked files present (use "git add" to track)

C:\Users\Dell\Documents\git\projek1>git status
On branch master
Untracked files:
  (use "git add <file>..." to include in what will be committed)

        about.html

nothing added to commit but untracked files present (use "git add" to track)

C:\Users\Dell\Documents\git\projek1>git add about.html

C:\Users\Dell\Documents\git\projek1>git commit -m"menambahkan file about"
[master 00a5080] menambahkan file about
 1 file changed, 0 insertions(+), 0 deletions(-)
 create mode 100644 about.html

C:\Users\Dell\Documents\git\projek1>git status
On branch master
nothing to commit, working tree clean

C:\Users\Dell\Documents\git\projek1>git commit --amend
[master 7fba906] menambahkan file about
 Date: Sat Aug 3 10:52:11 2019 +0700
 1 file changed, 0 insertions(+), 0 deletions(-)
 create mode 100644 about.html

C:\Users\Dell\Documents\git\projek1>git commit --amend
[master 324eed4] menambahkan file about sudah dirubah
 Date: Sat Aug 3 10:52:11 2019 +0700
 1 file changed, 0 insertions(+), 0 deletions(-)
 create mode 100644 about.html

C:\Users\Dell\Documents\git\projek1>git status
On branch master
nothing to commit, working tree clean

C:\Users\Dell\Documents\git\projek1>git log
commit 324eed4b99495b9ed771b4a40d768e9c711b2c1d (HEAD -> master)
Author: unknown <ranakusuma24@gmail.com>
Date:   Sat Aug 3 10:52:11 2019 +0700

    menambahkan file about sudah dirubah

commit cfba1820c5060453ab7f8dbfc11b6b7979fb6744
Author: unknown <ranakusuma24@gmail.com>
Date:   Sat Aug 3 10:45:10 2019 +0700

    tambahan alamat

commit d366b46125bf045bfbdf5d2e2b245a318351a644
Author: unknown <ranakusuma24@gmail.com>
Date:   Sat Aug 3 10:40:23 2019 +0700

    penyimpanan pertama

C:\Users\Dell\Documents\git\projek1>git commit --amend
[master 9493fc5] menambahkan file about sudah dirubah rubah lagi
 Date: Sat Aug 3 10:52:11 2019 +0700
 1 file changed, 0 insertions(+), 0 deletions(-)
 create mode 100644 about.html

C:\Users\Dell\Documents\git\projek1>git log
commit 9493fc5b65e491163539a50cb7c27811add5091e (HEAD -> master)
Author: unknown <ranakusuma24@gmail.com>
Date:   Sat Aug 3 10:52:11 2019 +0700

    menambahkan file about sudah dirubah rubah lagi

commit cfba1820c5060453ab7f8dbfc11b6b7979fb6744
Author: unknown <ranakusuma24@gmail.com>
Date:   Sat Aug 3 10:45:10 2019 +0700

    tambahan alamat

commit d366b46125bf045bfbdf5d2e2b245a318351a644
Author: unknown <ranakusuma24@gmail.com>
Date:   Sat Aug 3 10:40:23 2019 +0700

    penyimpanan pertama

C:\Users\Dell\Documents\git\projek1>git commit -m
error: switch `m' requires a value

C:\Users\Dell\Documents\git\projek1>git status
On branch master
nothing to commit, working tree clean

C:\Users\Dell\Documents\git\projek1>git log
commit aa3857f8efadf555ffaab2dff73b2a131e8ec37d (HEAD -> master)
Author: unknown <ranakusuma24@gmail.com>
Date:   Sat Aug 3 11:03:45 2019 +0700

    tambahan setelah lagi

commit 9493fc5b65e491163539a50cb7c27811add5091e
Author: unknown <ranakusuma24@gmail.com>
Date:   Sat Aug 3 10:52:11 2019 +0700

    menambahkan file about sudah dirubah rubah lagi

commit cfba1820c5060453ab7f8dbfc11b6b7979fb6744
Author: unknown <ranakusuma24@gmail.com>
Date:   Sat Aug 3 10:45:10 2019 +0700

    tambahan alamat

commit d366b46125bf045bfbdf5d2e2b245a318351a644
Author: unknown <ranakusuma24@gmail.com>
Date:   Sat Aug 3 10:40:23 2019 +0700

    penyimpanan pertama

C:\Users\Dell\Documents\git\projek1>git add .

C:\Users\Dell\Documents\git\projek1>commit -m "menambah selamat datang dtg di web"
'commit' is not recognized as an internal or external command,
operable program or batch file.

C:\Users\Dell\Documents\git\projek1>git commit -m "menambah selamat datang dtg di web"
On branch master
nothing to commit, working tree clean

C:\Users\Dell\Documents\git\projek1>git log
commit aa3857f8efadf555ffaab2dff73b2a131e8ec37d (HEAD -> master)
Author: unknown <ranakusuma24@gmail.com>
Date:   Sat Aug 3 11:03:45 2019 +0700

    tambahan setelah lagi

commit 9493fc5b65e491163539a50cb7c27811add5091e
Author: unknown <ranakusuma24@gmail.com>
Date:   Sat Aug 3 10:52:11 2019 +0700

    menambahkan file about sudah dirubah rubah lagi

commit cfba1820c5060453ab7f8dbfc11b6b7979fb6744
Author: unknown <ranakusuma24@gmail.com>
Date:   Sat Aug 3 10:45:10 2019 +0700

    tambahan alamat

commit d366b46125bf045bfbdf5d2e2b245a318351a644
Author: unknown <ranakusuma24@gmail.com>
Date:   Sat Aug 3 10:40:23 2019 +0700

    penyimpanan pertama

C:\Users\Dell\Documents\git\projek1>git log
commit aa3857f8efadf555ffaab2dff73b2a131e8ec37d (HEAD -> master)
Author: unknown <ranakusuma24@gmail.com>
Date:   Sat Aug 3 11:03:45 2019 +0700

    tambahan setelah lagi

commit 9493fc5b65e491163539a50cb7c27811add5091e
Author: unknown <ranakusuma24@gmail.com>
Date:   Sat Aug 3 10:52:11 2019 +0700

    menambahkan file about sudah dirubah rubah lagi

commit cfba1820c5060453ab7f8dbfc11b6b7979fb6744
Author: unknown <ranakusuma24@gmail.com>
Date:   Sat Aug 3 10:45:10 2019 +0700

    tambahan alamat

commit d366b46125bf045bfbdf5d2e2b245a318351a644
Author: unknown <ranakusuma24@gmail.com>
Date:   Sat Aug 3 10:40:23 2019 +0700

    penyimpanan pertama

C:\Users\Dell\Documents\git\projek1>git commit -m"sek"
On branch master
nothing to commit, working tree clean

C:\Users\Dell\Documents\git\projek1>git log -all
error: switch `l' expects a numerical value

C:\Users\Dell\Documents\git\projek1>git log --all
commit aa3857f8efadf555ffaab2dff73b2a131e8ec37d (HEAD -> master)
Author: unknown <ranakusuma24@gmail.com>
Date:   Sat Aug 3 11:03:45 2019 +0700

    tambahan setelah lagi

commit 9493fc5b65e491163539a50cb7c27811add5091e
Author: unknown <ranakusuma24@gmail.com>
Date:   Sat Aug 3 10:52:11 2019 +0700

    menambahkan file about sudah dirubah rubah lagi

commit cfba1820c5060453ab7f8dbfc11b6b7979fb6744
Author: unknown <ranakusuma24@gmail.com>
Date:   Sat Aug 3 10:45:10 2019 +0700

    tambahan alamat

commit d366b46125bf045bfbdf5d2e2b245a318351a644
Author: unknown <ranakusuma24@gmail.com>
Date:   Sat Aug 3 10:40:23 2019 +0700

    penyimpanan pertama

C:\Users\Dell\Documents\git\projek1>git commit --m"tambah word"
error: unknown option `mtambah word'
usage: git commit [<options>] [--] <pathspec>...

    -q, --quiet           suppress summary after successful commit
    -v, --verbose         show diff in commit message template

Commit message options
    -F, --file <file>     read message from file
    --author <author>     override author for commit
    --date <date>         override date for commit
    -m, --message <message>
                          commit message
    -c, --reedit-message <commit>
                          reuse and edit message from specified commit
    -C, --reuse-message <commit>
                          reuse message from specified commit
    --fixup <commit>      use autosquash formatted message to fixup specified commit
    --squash <commit>     use autosquash formatted message to squash specified commit
    --reset-author        the commit is authored by me now (used with -C/-c/--amend)
    -s, --signoff         add Signed-off-by:
    -t, --template <file>
                          use specified template file
    -e, --edit            force edit of commit
    --cleanup <mode>      how to strip spaces and #comments from message
    --status              include status in commit message template
    -S, --gpg-sign[=<key-id>]
                          GPG sign commit

Commit contents options
    -a, --all             commit all changed files
    -i, --include         add specified files to index for commit
    --interactive         interactively add files
    -p, --patch           interactively add changes
    -o, --only            commit only specified files
    -n, --no-verify       bypass pre-commit and commit-msg hooks
    --dry-run             show what would be committed
    --short               show status concisely
    --branch              show branch information
    --ahead-behind        compute full ahead/behind values
    --porcelain           machine-readable output
    --long                show status in long format (default)
    -z, --null            terminate entries with NUL
    --amend               amend previous commit
    --no-post-rewrite     bypass post-rewrite hook
    -u, --untracked-files[=<mode>]
                          show untracked files, optional modes: all, normal, no. (Default: all)


C:\Users\Dell\Documents\git\projek1>git log
commit aa3857f8efadf555ffaab2dff73b2a131e8ec37d (HEAD -> master)
Author: unknown <ranakusuma24@gmail.com>
Date:   Sat Aug 3 11:03:45 2019 +0700

    tambahan setelah lagi

commit 9493fc5b65e491163539a50cb7c27811add5091e
Author: unknown <ranakusuma24@gmail.com>
Date:   Sat Aug 3 10:52:11 2019 +0700

    menambahkan file about sudah dirubah rubah lagi

commit cfba1820c5060453ab7f8dbfc11b6b7979fb6744
Author: unknown <ranakusuma24@gmail.com>
Date:   Sat Aug 3 10:45:10 2019 +0700

    tambahan alamat

commit d366b46125bf045bfbdf5d2e2b245a318351a644
Author: unknown <ranakusuma24@gmail.com>
Date:   Sat Aug 3 10:40:23 2019 +0700

    penyimpanan pertama

C:\Users\Dell\Documents\git\projek1>git diff

C:\Users\Dell\Documents\git\projek1>git remote add origin https://github.com/ranakusuma24/belajar-git.git

C:\Users\Dell\Documents\git\projek1>git remote add origin https://github.com/ranakusuma24/belajar-git.git
fatal: remote origin already exists.

C:\Users\Dell\Documents\git\projek1>git push -u origin master
Logon failed, use ctrl+c to cancel basic credential prompt.
Username for 'https://github.com': ranakusuma24
Password for 'https://ranakusuma24@github.com':
remote: Invalid username or password.
fatal: Authentication failed for 'https://github.com/ranakusuma24/belajar-git.git/'

C:\Users\Dell\Documents\git\projek1>git push -u origin master
Logon failed, use ctrl+c to cancel basic credential prompt.
Username for 'https://github.com': ranakusuma24
Password for 'https://ranakusuma24@github.com':
Enumerating objects: 12, done.
Counting objects: 100% (12/12), done.
Delta compression using up to 4 threads
Compressing objects: 100% (7/7), done.
Writing objects: 100% (12/12), 1.07 KiB | 218.00 KiB/s, done.
Total 12 (delta 0), reused 0 (delta 0)
To https://github.com/ranakusuma24/belajar-git.git
 * [new branch]      master -> master
Branch 'master' set up to track remote branch 'master' from 'origin'.

C:\Users\Dell\Documents\git\projek1>cd\

C:\>git clone git@github.com:aviantorichad/belajar-git.git
Cloning into 'belajar-git'...
Could not create directory '/c/Program Files (x86)/Java/jre1.8.0_181/bin/.ssh'.
The authenticity of host 'github.com (13.250.177.223)' can't be established.
RSA key fingerprint is SHA256:nThbg6kXUpJWGl7E1IGOCspRomTxdCARLviKw6E5SY8.
Are you sure you want to continue connecting (yes/no/[fingerprint])? y
Please type 'yes', 'no' or the fingerprint: y
Please type 'yes', 'no' or the fingerprint: yes
Failed to add the host to the list of known hosts (/c/Program Files (x86)/Java/jre1.8.0_181/bin/.ssh/known_hosts).
git@github.com: Permission denied (publickey).
fatal: Could not read from remote repository.

Please make sure you have the correct access rights
and the repository exists.

C:\>git clone https://github.com/aviantorichad/belajar-git.git
Cloning into 'belajar-git'...
remote: Enumerating objects: 17, done.
remote: Counting objects: 100% (17/17), done.
remote: Compressing objects: 100% (10/10), done.
remote: Total 17 (delta 1), reused 16 (delta 0), pack-reused 0
Unpacking objects: 100% (17/17), done.

C:\>cd belajar-git

C:\belajar-git>git add .

C:\belajar-git>git init
Reinitialized existing Git repository in C:/belajar-git/.git/

C:\belajar-git>git commit -m"nambah rana"
[master 4ad49a7] nambah rana
 1 file changed, 1 insertion(+)

C:\belajar-git>git log
commit 4ad49a7e072d2e9d9d082b6e84ecb38bccb7f77e (HEAD -> master)
Author: unknown <ranakusuma24@gmail.com>
Date:   Sat Aug 3 11:52:56 2019 +0700

    nambah rana

commit 8b4e694e486840f239fe61a23243d937af4e931a (origin/master, origin/HEAD)
Author: Richad Avianto <aviantorich@gmail.com>
Date:   Sat Aug 3 11:39:11 2019 +0700

    menambahkan daftar peserta

commit 9de6815b53b91ee8bb905c7475d71417f6c69f33
Author: Richad Avianto <aviantorich@gmail.com>
Date:   Sat Aug 3 11:08:12 2019 +0700

    menyempurnakan selamat datang

commit 49cb35c806b54aa2526bb33c4254b4e86a209361
Author: Richad Avianto <aviantorich@gmail.com>
Date:   Sat Aug 3 11:03:04 2019 +0700

    mengubah isinya menjadi selamat datang

commit b72aba12e462d4f0535f0430bacc2a6879d3e42b
Author: Richad Avianto <aviantorich@gmail.com>
Date:   Sat Aug 3 10:51:37 2019 +0700

    menambahkan halaman about ah...

commit eb49f51182baaf6a789c9e5ec59e8bec2dd3d879
Author: Richad Avianto <aviantorich@gmail.com>
Date:   Sat Aug 3 10:46:32 2019 +0700


C:\belajar-git>git push
remote: Permission to aviantorichad/belajar-git.git denied to ranakusuma24.
fatal: unable to access 'https://github.com/aviantorichad/belajar-git.git/': The requested URL returned error: 403

C:\belajar-git>git push
remote: Permission to aviantorichad/belajar-git.git denied to ranakusuma24.
fatal: unable to access 'https://github.com/aviantorichad/belajar-git.git/': The requested URL returned error: 403

C:\belajar-git>git push
To https://github.com/aviantorichad/belajar-git.git
 ! [rejected]        master -> master (fetch first)
error: failed to push some refs to 'https://github.com/aviantorichad/belajar-git.git'
hint: Updates were rejected because the remote contains work that you do
hint: not have locally. This is usually caused by another repository pushing
hint: to the same ref. You may want to first integrate the remote changes
hint: (e.g., 'git pull ...') before pushing again.
hint: See the 'Note about fast-forwards' in 'git push --help' for details.

C:\belajar-git>git pull
remote: Enumerating objects: 5, done.
remote: Counting objects: 100% (5/5), done.
remote: Compressing objects: 100% (2/2), done.
remote: Total 3 (delta 1), reused 3 (delta 1), pack-reused 0
Unpacking objects: 100% (3/3), done.
From https://github.com/aviantorichad/belajar-git
   8b4e694..c8c7d18  master     -> origin/master
Auto-merging peserta.txt
CONFLICT (content): Merge conflict in peserta.txt
Automatic merge failed; fix conflicts and then commit the result.

C:\belajar-git>git pull origin master
error: Pulling is not possible because you have unmerged files.
hint: Fix them up in the work tree, and then use 'git add/rm <file>'
hint: as appropriate to mark resolution and make a commit.
fatal: Exiting because of an unresolved conflict.

C:\belajar-git>git pull origin master
error: Pulling is not possible because you have unmerged files.
hint: Fix them up in the work tree, and then use 'git add/rm <file>'
hint: as appropriate to mark resolution and make a commit.
fatal: Exiting because of an unresolved conflict.

C:\belajar-git>get reset .
'get' is not recognized as an internal or external command,
operable program or batch file.

C:\belajar-git>git add peserta.txt

C:\belajar-git>git pull
error: You have not concluded your merge (MERGE_HEAD exists).
hint: Please, commit your changes before merging.
fatal: Exiting because of unfinished merge.

C:\belajar-git>git log
commit 4ad49a7e072d2e9d9d082b6e84ecb38bccb7f77e (HEAD -> master)
Author: unknown <ranakusuma24@gmail.com>
Date:   Sat Aug 3 11:52:56 2019 +0700

    nambah rana

commit 8b4e694e486840f239fe61a23243d937af4e931a
Author: Richad Avianto <aviantorich@gmail.com>
Date:   Sat Aug 3 11:39:11 2019 +0700

    menambahkan daftar peserta

commit 9de6815b53b91ee8bb905c7475d71417f6c69f33
Author: Richad Avianto <aviantorich@gmail.com>
Date:   Sat Aug 3 11:08:12 2019 +0700

    menyempurnakan selamat datang

commit 49cb35c806b54aa2526bb33c4254b4e86a209361
Author: Richad Avianto <aviantorich@gmail.com>
Date:   Sat Aug 3 11:03:04 2019 +0700

    mengubah isinya menjadi selamat datang

commit b72aba12e462d4f0535f0430bacc2a6879d3e42b
Author: Richad Avianto <aviantorich@gmail.com>
Date:   Sat Aug 3 10:51:37 2019 +0700

    menambahkan halaman about ah...

commit eb49f51182baaf6a789c9e5ec59e8bec2dd3d879
Author: Richad Avianto <aviantorich@gmail.com>
Date:   Sat Aug 3 10:46:32 2019 +0700


C:\belajar-git>git status
On branch master
Your branch and 'origin/master' have diverged,
and have 1 and 1 different commits each, respectively.
  (use "git pull" to merge the remote branch into yours)

All conflicts fixed but you are still merging.
  (use "git commit" to conclude merge)

Changes to be committed:

        modified:   peserta.txt


C:\belajar-git>git pull
error: You have not concluded your merge (MERGE_HEAD exists).
hint: Please, commit your changes before merging.
fatal: Exiting because of unfinished merge.

C:\belajar-git>git add .

C:\belajar-git>git add . "nambah"
fatal: pathspec 'nambah' did not match any files

C:\belajar-git>git add ."nambah"
fatal: pathspec '.nambah' did not match any files

C:\belajar-git>